// Jest Snapshot v1, https://goo.gl/fbAQLP

exports[`<ExperienceBar /> should render the span 1`] = `
.c0 {
  display: -webkit-box;
  display: -webkit-flex;
  display: -ms-flexbox;
  display: flex;
  -webkit-align-items: center;
  -webkit-box-align: center;
  -ms-flex-align: center;
  align-items: center;
}

.c0 span {
  font-size: 1rem;
}

.c0 > div {
  -webkit-flex: 1;
  -ms-flex: 1;
  flex: 1;
  height: 4px;
  border-radius: 4px;
  background: var(--gray-line);
  margin: 0 1.5rem;
  position: relative;
}

.c0 > div > div {
  height: 4px;
  border-radius: 4px;
  background: var(--green);
}

.c0 span.current-experience {
  position: absolute;
  top: 12px;
  -webkit-transform: translateX(-50%);
  -ms-transform: translateX(-50%);
  transform: translateX(-50%);
}

<header
  class="c0"
>
  <span>
    0 xp
  </span>
  <div>
    <div
      style="width: 50%;"
    />
    <span
      class="current-experience"
      style="left: 50%;"
    >
      300 xp
    </span>
  </div>
  <span>
    600 xp
  </span>
</header>
`;
